SQL> /

Hall Manager         Phone Number                                                                                                                                                                                                                                                                                                                                                                               
-------------------- ---------------                                                                                                                                                                                                                                                                                                                                                                            
Jermey Piven         6547891451                                                                                                                                                                                                                                                                                                                                                                                 
Anthony Cooper       1234679998                                                                                                                                                                                                                                                                                                                                                                                 
Melissa Anderson     6066061244                                                                                                                                                                                                                                                                                                                                                                                 
Jacob Wright         1246571164                                                                                                                                                                                                                                                                                                                                                                                 
Steven Ortega        9956544459                                                                                                                                                                                                                                                                                                                                                                                 
Lisa Riton           6524567778                                                                                                                                                                                                                                                                                                                                                                                 

6 rows selected.

SQL> spool off
