SQL> /

Lease Number    Duration   Rental Address                              Move Out Date   Move In Date    Room Number     Phone Number                                                                                                                                                                                                                                                                             
--------------- ---------- ------------------------------------------- --------------- --------------- --------------- ---------------                                                                                                                                                                                                                                                                          
10002           4          1317 5th St. San Bernardino CA. 92408       15-AUG-12       30-AUG-12       3003            9091111111                                                                                                                                                                                                                                                                               
10006           4          14 Market Ave. San Bernardino CA. 92408     15-AUG-12       30-AUG-12       3007            9095555555                                                                                                                                                                                                                                                                               
10007           4          35 Kinsey Ave. San Bernardino CA. 92407     15-AUG-12       30-AUG-12       3008            9099999999                                                                                                                                                                                                                                                                               

SQL> spool off
