SQL> select *
  2  from residence_hall;

RH_NAME                   HALL_MANAGER         PHONE_NUMBER   RESIDENCE_NUMBER                                                                                                                                                                                                                                                                                                                                                                                                                                      
------------------------- -------------------- -------------- --------------------                                                                                                                                                                                                                                                                                                                                                                                                                                  
Serrano Village           Jermey Piven         6547891451     2001                                                                                                                                                                                                                                                                                                                                                                                                                                                  
Arrowhead Village         Anthony Cooper       1234679998     2002                                                                                                                                                                                                                                                                                                                                                                                                                                                  
University Village        Melissa Anderson     6066061244     2003                                                                                                                                                                                                                                                                                                                                                                                                                                                  
Mountainside Village      Jacob Wright         1246571164     2004                                                                                                                                                                                                                                                                                                                                                                                                                                                  
Athena Village            Steven Ortega        9956544459     2005                                                                                                                                                                                                                                                                                                                                                                                                                                                  
Sunrise Village           Lisa Riton           6524567778     2006                                                                                                                                                                                                                                                                                                                                                                                                                                                  

6 rows selected.

SQL> spool off
