SQL> select *
  2  from staff_member;

STAFF_NUMBER    FIRST_NAME      LAST_NAME       DATE_OF_BIRTH   GENDER   STREET           CITY               STATE ZIP        LOCATION        POSITION             EMAIL_ADDRESS                                                                                                                                                                                                                                
--------------- --------------- --------------- --------------- -------- ---------------- ------------------ ----- ---------- --------------- -------------------- --------------------                                                                                                                                                                                                                         
1000            Anthony         Gonzalez        06-MAY-47       M        123 Four St      Redlands           CA    92373      CSUSB Main      Phys Ed Professor    agonz@csusb.edu                                                                                                                                                                                                                              
1001            Michelle        Smith           09-JUN-58       F        654 Fourth St    Riverside          CA    92504      CSUSB Main      CSE Professor        msmith@csusb.edu                                                                                                                                                                                                                             
1002            Mark            Preciado        03-JAN-45       M        352 Anderson Way Riverside          CA    92504      CSUSB Main      Math Tutor           mpreciado@csusb.edu                                                                                                                                                                                                                          
1003            Ashley          Lopez           03-APR-73       F        984 Halsey St    Redlands           CA    92375      CSUSB Main      English Professor    alopez@csusb.edu                                                                                                                                                                                                                             
1004            Sergio          Martinez        11-DEC-82       M        253 Wilson Way   San Bernardino     CA    92408      CSUSB Main      Math Professor       smartinez@csusb.edu                                                                                                                                                                                                                          
1005            Lisa            Turtle          27-SEP-61       F        352 Bell Way     Chino              CA    92347      CSUSB Main      History Professor    lturtle@csusb.edu                                                                                                                                                                                                                            

6 rows selected.

SQL> spool off
