SQL> select *
  2  from student;

STUDENT_NUMBER  FIRST_NAME   LAST_NAME    GENDER   DATE_OF_BIRTH   CURRENT ADDITIONAL_COMMENTS  RESIDENCE_TYPE    MINOR            MAJOR            SPECIAL_NEEDS   STREET            CITY            STATE ZIP    NATIONALITY     CLASS        PHONE_NUMBER   EMAIL_ADDRESS               ADVISOR_NUMBER                                                                                                                                                                                                           
--------------- ------------ ------------ -------- --------------- ------- -------------------- ----------------- ---------------- ---------------- --------------- ----------------- --------------- ----- ------ --------------- ------------ -------------- --------------------------- ---------------                                                                                                                                                                                                          
600001          Curtis       Wright       M        10-JUL-80       Renting None                 Residence Hall    Math             Computer Science None            456 Besson Lane   Redlands        CA    92373  American        Freshman     9091111111     cwright@coyote.csusb.edu    1001                                                                                                                                                                                                                     
600002          Michael      Baldridge    M        04-SEP-82       Renting None                 Residence Hall                     Math             None            457 Wilshire Blvd Grand Terrace   CA    92409  Austrailian     Sophomore    9092222222     mbaldridge@coyote.csusb.edu 1003                                                                                                                                                                                                                     
600003          Liz          Smith        F        11-JUN-87       Renting None                 Residence Hall                     English          Wheelchair      41 Rock Blvd      Chino           CA    92647  American        Junior       9093333333     lsmith@coyote.csusb.edu     1005                                                                                                                                                                                                                     
600004          Andrew       Sherwood     M        11-DEC-91       Renting None                 Residence Hall    Finance          Computer Systems None            3654 Brookside    Redlands        CA    92374  Japanese        Freshman     9094444444     asherwood@coyote.csusb.edu  1000                                                                                                                                                                                                                     
600007          Jennifer     West         F        12-APR-90       Renting None                 Residence Hall                     Education        None            35 Pocket St      Beaumont        CA    92222  American        Junior       9097777777     jwest@coyote.csusb.edu      1000                                                                                                                                                                                                                     
600012          Paul         Darkwa       M        01-JAN-81       Waiting None                                                    Psychology       Wheelchair      3634 Torrent Rd   Ontario         CA    92665  American        Freshman     9091011010     pdarkwa@coyote.csusb.edu    1005                                                                                                                                                                                                                     
600014          Melanie      Williams     F        03-MAR-83       Renting None                 Residence Hall                     Physics          None            896 Asus St       Loma Linda      CA    92377  American        Freshman     9093033030     mwilliams@coyote.csusb.edu  1001                                                                                                                                                                                                                     
600005          Melissa      Vaughn       F        01-DEC-93       Renting None                 Student Apartment Math             Computer Science None            253 Sierra St     Riverside       CA    92504  American        Senior       9095555555     mvaughn@coyote.csusb.edu    1003                                                                                                                                                                                                                     
600006          Beth         Lopez        F        04-MAR-89       Renting None                 Student Apartment Physics          Computer Science None            2533 Wilson Ave   Banning         CA    92223  American        Sophomore    9096666666     blopez@coyote.csusb.edu     1001                                                                                                                                                                                                                     
600008          John         Wiley        M        11-JUL-77       Renting None                 Student Apartment Math             Physics          None            30566 Ash St      San Bernardino  CA    92408  American        Freshman     9098888888     jwiley@coyote.csusb.edu     1005                                                                                                                                                                                                                     
600009          Jessica      Wilson       F        01-AUG-88       Renting None                 Student Apartment                  Art History      None            1400 Barton Rd    Arrowhead       CA    92404  Korean          Senior       9099999999     jwilson@coyote.csusb.edu    1000                                                                                                                                                                                                                     
600010          Ryan         Oliver       M        27-SEP-89       Renting None                 Student Apartment                  Liberal Studies  Deaf            30 N Fish St      Pomona          CA    92746  German          Sophomore    9091234567     roliver@coyote.csusb.edu    1003                                                                                                                                                                                                                     
600011          Jesse        Gomez        M        11-APR-92       Renting None                 Student Apartment                  Philosphy        None            135 Wilshire Blvd Chino           CA    92465  Italian         Junior       9097654321     jgomez@coyote.csusb.edu     1001                                                                                                                                                                                                                     
600013          Susan        Storey       F        02-FEB-82       Waiting None                                   Computer Science Communications   Blind           3260 Peak St      Rialto          CA    92344  American        Senior       9092022020     sstorey@coyote.csusb.edu    1003                                                                                                                                                                                                                     

14 rows selected.

SQL> spool off
