SQL> select *
  2  from student_apartment;

APARTMENT_NUMBER     AVAILABLE_ROOMS STAFF_NUMBER    RESIDENCE_NUMBER                                                                                                                                                                                                                                                                                                                                           
-------------------- --------------- --------------- --------------------                                                                                                                                                                                                                                                                                                                                       
7001                               3 1001            2007                                                                                                                                                                                                                                                                                                                                                       
7002                               4 1002            2008                                                                                                                                                                                                                                                                                                                                                       
7003                               1 1003            2009                                                                                                                                                                                                                                                                                                                                                       
7004                               0 1003            2010                                                                                                                                                                                                                                                                                                                                                       
7005                               2 1002            2011                                                                                                                                                                                                                                                                                                                                                       
7006                               1 1001            2012                                                                                                                                                                                                                                                                                                                                                       

6 rows selected.

SQL> spool off
