SQL> select *
  2  from course;

COURSE_NUMBER   TITLE                          ROOM_NUMBER      DEPARTMENT           INSTRUCTOR_NAME                                                                                                                                                                                                                                                                                                            
--------------- ------------------------------ ---------------- -------------------- -------------------------                                                                                                                                                                                                                                                                                                  
CSE572          Database Systems               PS110            Computer Science     Josephine Mendoza                                                                                                                                                                                                                                                                                                          
CSE330          Data Structures                JB359            Computer Science     Kay Zemoudeh                                                                                                                                                                                                                                                                                                               
CSE201          Computer Science I             JB358            Computer Science     Richard Botting                                                                                                                                                                                                                                                                                                            
CSE202          Computer Science II            JB360            Computer Science     Richard Botting                                                                                                                                                                                                                                                                                                            
CSE455          Software Engineering           JB120            Computer Science     Arturo Concepcion                                                                                                                                                                                                                                                                                                          
CSE488          Ethics                         UH120            Computer Science     Yasha Karant                                                                                                                                                                                                                                                                                                               
CSE350          File Systems                   UH220            Computer Science     Owen Murphy                                                                                                                                                                                                                                                                                                                
Comm311         Business Communications        UH350            Communication        Yasha Karant                                                                                                                                                                                                                                                                                                               
CSE460          Operating Systems              JB114            Computer Science     Kay Zemoudeh                                                                                                                                                                                                                                                                                                               
CSE580          Advanced Databases             JB220            Computer Science     Josephine Mendoza                                                                                                                                                                                                                                                                                                          

10 rows selected.

SQL> spool off
