SQL> select *
  2  from instructor;

INSTRUCTOR_NAME           INSTRUCTOR_EMAIL               INSTRUCTOR_PHONE                                                                                                                                                                                                                                                                                                                                       
------------------------- ------------------------------ --------------------                                                                                                                                                                                                                                                                                                                                   
Richard Botting           rbotting@csusb.edu             4567891230                                                                                                                                                                                                                                                                                                                                             
Josephine Mendoza         jmendoza@csusb.edu             6543219870                                                                                                                                                                                                                                                                                                                                             
Owen Murphy               omurphy@csusb.edu              9876543210                                                                                                                                                                                                                                                                                                                                             
Kay Zemoudeh              kzemoudeh@csusb.edu            3031233030                                                                                                                                                                                                                                                                                                                                             
Arturo Concepcion         aconcepcion@csusb.edu          6654567787                                                                                                                                                                                                                                                                                                                                             
Yasha Karant              ykarant@csusb.edu              2146664524                                                                                                                                                                                                                                                                                                                                             

6 rows selected.

SQL> spool ofrf
