SQL> select *
  2  from next_of_kin;

NOK_NAME             NOK_PHONE_NUMBER NOK_STREET           NOK_CITY          NO NOK_ZIP                                                                                                                                                                                                                                                                                                                                                                                                                             
-------------------- ---------------- -------------------- ----------------- -- ----------                                                                                                                                                                                                                                                                                                                                                                                                                          
Mark Smith           9958467778       987 Alpha St         Riverside         CA 92504                                                                                                                                                                                                                                                                                                                                                                                                                               
Tony Stark           9094567815       1534 Anderson Ave    Redlands          CA 92373                                                                                                                                                                                                                                                                                                                                                                                                                               
Robert Mitts         6546547895       3564 Besson Lane     Chino             CA 92445                                                                                                                                                                                                                                                                                                                                                                                                                               
William Tell         9515647914       333 Citrus Ave       Ontario           CA 92446                                                                                                                                                                                                                                                                                                                                                                                                                               
Art Inder            6654457921       66 Holt Ave          San Bernardino    CA 92408                                                                                                                                                                                                                                                                                                                                                                                                                               
Carl Vaughn          2144676657       35335 Willow Way     Upland            CA 92444                                                                                                                                                                                                                                                                                                                                                                                                                               
Scott Nelson         2146559998       3374 Sierra Ave      Pomona            CA 92437                                                                                                                                                                                                                                                                                                                                                                                                                               
Ashley Doherty       3153214556       674 Arch Way         Big Bear          CA 92404                                                                                                                                                                                                                                                                                                                                                                                                                               
Terry Spinks         3366547779       353 Gardena Ave      Adelanto          CA 92616                                                                                                                                                                                                                                                                                                                                                                                                                               

9 rows selected.

SQL> spool off
