[backblue.gif]
[fade.gif]
[index.html]
[cse.csusb.edu/dick/cs375/index.txt]
[cse.csusb.edu/dick/cs375/mock.pdf]
[cse.csusb.edu/dick/cs375/02DiceGameClasses.gif]
[cse.csusb.edu/dick/cs375/index.html]
[cse.csusb.edu/dick/cs375/index-2.html]
[cse.csusb.edu/dick/cs375/02DiceGameSSD.gif]
[cse.csusb.edu/dick/cs375/grading/index.html]
[cse.csusb.edu/dick/cs375/w7.txt]
[cse.csusb.edu/dick/cs375/w7.html]
[cse.csusb.edu/dick/cs375/17.txt]
[cse.csusb.edu/dick/cs375/17CoupleStateMachine.gif]
[cse.csusb.edu/dick/cs375/DynamicSymbols.png]
[cse.csusb.edu/dick/cs375/UMLIcons.png]
[cse.csusb.edu/dick/cs375/interface.gif]
[cse.csusb.edu/dick/cs375/client.gif]
[cse.csusb.edu/dick/cs375/fig25_25_1.cpp]
[cse.csusb.edu/dick/cs375/test.fig25_25_1.cpp]
[cse.csusb.edu/dick/cs375/testDiceGame3.cpp]
[cse.csusb.edu/dick/cs375/DiceGame3.cpp]
[cse.csusb.edu/dick/cs375/Singleton.png]
[cse.csusb.edu/dick/cs375/singleton.cpp]
[cse.csusb.edu/dick/cs375/test.singleton.cpp]
[cse.csusb.edu/dick/cs375/Singleton.pdf]
[cse.csusb.edu/dick/cs375/ID2Object.cpp]
[cse.csusb.edu/dick/cs375/17.html]
[cse.csusb.edu/dick/cs375/w6.txt]
[cse.csusb.edu/dick/cs375/w6.html]
[cse.csusb.edu/dick/cs375/15.txt]
[cse.csusb.edu/dick/cs375/uml.faces.gif]
[cse.csusb.edu/dick/cs375/17gen.gif]
[cse.csusb.edu/dick/cs375/LoadedDie.cpp]
[cse.csusb.edu/dick/cs375/testLoadedDie.cpp]
[cse.csusb.edu/dick/cs375/DiceGame2.cpp]
[cse.csusb.edu/dick/cs375/testDiceGame2.cpp]
[cse.csusb.edu/dick/cs375/Q15sample.gif]
[cse.csusb.edu/dick/cs375/15.html]
[cse.csusb.edu/dick/cs375/16.txt]
[cse.csusb.edu/dick/cs375/Sale.cpp]
[cse.csusb.edu/dick/cs375/TaxLineItems.cpp]
[cse.csusb.edu/dick/cs375/test.poly.cpp]
[cse.csusb.edu/dick/cs375/16.html]
[cse.csusb.edu/dick/cs375/w5.txt]
[cse.csusb.edu/dick/cs375/w5.html]
[cse.csusb.edu/dick/cs375/13.txt]
[cse.csusb.edu/dick/cs375/logins.cpp]
[cse.csusb.edu/dick/cs375/13.html]
[cse.csusb.edu/dick/cs375/14.txt]
[cse.csusb.edu/dick/cs375/tprime.cpp]
[cse.csusb.edu/dick/cs375/tp1.cpp]
[cse.csusb.edu/dick/cs375/tp2.cpp]
[cse.csusb.edu/dick/cs375/Account.png]
[cse.csusb.edu/dick/cs375/Account.cpp]
[cse.csusb.edu/dick/cs375/test.Account.cpp]
[cse.csusb.edu/dick/cs375/14.html]
[cse.csusb.edu/dick/cs375/09.txt]
[cse.csusb.edu/dick/cs375/09Packages.png]
[cse.csusb.edu/dick/cs375/09typical.gif]
[cse.csusb.edu/dick/cs375/packages.gif]
[cse.csusb.edu/dick/cs375/09.html]
[cse.csusb.edu/dick/cs375/w1.txt]
[cse.csusb.edu/dick/cs375/w1.html]
[cse.csusb.edu/dick/cs375/05.txt]
[cse.csusb.edu/dick/cs375/05uc.png]
[cse.csusb.edu/dick/cs375/05actors.png]
[cse.csusb.edu/dick/cs375/05lines.png]
[cse.csusb.edu/dick/cs375/abcUseCase.gif]
[cse.csusb.edu/dick/cs375/05.html]
[cse.csusb.edu/dick/cs375/syllabus.txt]
[cse.csusb.edu/dick/cs375/syllabus.html]
[cse.csusb.edu/dick/cs375/schedule.txt]
[cse.csusb.edu/dick/cs375/schedule.html]
[cse.csusb.edu/dick/cs375/mock.html]
[cse.csusb.edu/dick/cs375/mock2010.htm]
[www.csci.csusb.edu/dick/skip.gif]
[www.csci.csusb.edu/dick/cs202/uml.shape.gif]
[www.csci.csusb.edu/dick/cs202/uml.usecases.gif]
[www.csci.csusb.edu/dick/cs202/uml.coll1.jpg]
[www.csci.csusb.edu/dick/cs202/uml.game.gif]
[www.csci.csusb.edu/dick/cs202/uml.association.gif]
[www.csci.csusb.edu/dick/cs202/uml.link.gif]
[www.csci.csusb.edu/dick/cs202/uml1.gif]
[www.csci.csusb.edu/dick/cs320/handouts/umlutility.gif]
[www.csci.csusb.edu/dick/cs202/uml.collab.gif]
[www.csci.csusb.edu/dick/cs202/uml.period.gif]
[www.csci.csusb.edu/dick/cs202/usage.gif]
[www.csci.csusb.edu/dick/cs202/uml.gen2.gif]
[www.csci.csusb.edu/dick/cs202/uml.gender.gif]
[www.csci.csusb.edu/dick/cs202/uml.interface.gif]
[www.csci.csusb.edu/dick/cs202/uml.client.gif]
[www.csci.csusb.edu/dick/cs202/uml.template.gif]
[www.csci.csusb.edu/dick/cs202/uml.seq.gif]
[www.csci.csusb.edu/dick/cs202/uml.states.gif]
[cse.csusb.edu/dick/cs375/uml.glossary.html]
[cse.csusb.edu/dick/cs375/patterns.txt]
[cse.csusb.edu/dick/cs375/ERD1.gif]
[cse.csusb.edu/dick/cs375/ERD2.gif]
[cse.csusb.edu/dick/cs375/ERD3.gif]
[cse.csusb.edu/dick/cs375/ERD4.gif]
[cse.csusb.edu/dick/cs375/ERD5.gif]
[cse.csusb.edu/dick/cs375/ERD6.gif]
[cse.csusb.edu/dick/cs375/ERD7.gif]
[cse.csusb.edu/dick/cs375/ERD8.gif]
[cse.csusb.edu/dick/cs375/ERD9.gif]
[cse.csusb.edu/dick/cs375/ERD10.gif]
[cse.csusb.edu/dick/cs375/ERD11.gif]
[cse.csusb.edu/dick/cs375/ERD13.gif]
[cse.csusb.edu/dick/cs375/InformationExpertPattern.gif]
[cse.csusb.edu/dick/cs375/CreatorPattern.gif]
[cse.csusb.edu/dick/cs375/ControllerPattern.gif]
[cse.csusb.edu/dick/cs375/PolymorphismPattern.gif]
[cse.csusb.edu/dick/cs375/PureFabrication.png]
[cse.csusb.edu/dick/cs375/IndirectionPattern.gif]
[cse.csusb.edu/dick/cs375/hole.gif]
[cse.csusb.edu/dick/cs375/Adapter.png]
[pw.tech-arts.co.jp/download/design_pattern/images/bridge_s.jpg]
[cse.csusb.edu/dick/cs375/decorator.gif]
[cse.csusb.edu/dick/cs375/TestDecorator.java]
[www.dofactory.com/Patterns/Diagrams/interpreter.gif]
[cse.csusb.edu/dick/cs375/Observer.gif]
[cse.csusb.edu/dick/cs375/observer.png]
[cse.csusb.edu/dick/cs375/proxy.gif]
[cse.csusb.edu/dick/cs375/Strategy.gif]
[cse.csusb.edu/dick/cs375/test.State.cpp]
[cse.csusb.edu/dick/cs375/State.cpp]
[cse.csusb.edu/dick/cs375/State2.cpp]
[cse.csusb.edu/dick/cs375/test.State2.cpp]
[cse.csusb.edu/dick/cs375/ID2ObjectPattern.gif]
[cse.csusb.edu/dick/cs375/MVCinUML.gif]
[cse.csusb.edu/dick/cs375/icons.gif]
[cse.csusb.edu/dick/cs375/VMSeparation.gif]
[cse.csusb.edu/dick/cs375/domainPatterns.png]
[cse.csusb.edu/dick/cs375/19Bolloju04.gif]
[cse.csusb.edu/dick/cs375/patterns.html]
[cse.csusb.edu/dick/cs375/17dynamics.txt]
[cse.csusb.edu/dick/cs375/17Signals.gif]
[cse.csusb.edu/dick/samples/uml.states.gif]
[cse.csusb.edu/dick/cs375/17course.gif]
[cse.csusb.edu/dick/cs375/17doorProtocol.gif]
[cse.csusb.edu/dick/cs375/17dynamics.html]
[cse.csusb.edu/dick/cs375/17exans.txt]
[cse.csusb.edu/dick/cs375/17exans.html]
[cse.csusb.edu/dick/cs375/16answer.txt]
[cse.csusb.edu/dick/cs375/16answer.html]
[cse.csusb.edu/dick/cs375/17x.txt]
[cse.csusb.edu/dick/cs375/17x.html]
[cse.csusb.edu/dick/cs375/w8.txt]
[cse.csusb.edu/dick/cs375/w8.html]
[cse.csusb.edu/dick/cs375/17q.txt]
[best-practice-software-engineering.ifs.tuwien.ac.at/patterns/images/facade.jpg]
[cse.csusb.edu/dick/cs201/coffee.gif]
[cse.csusb.edu/dick/cs375/17q.html]
[cse.csusb.edu/dick/cs375/18.txt]
[cse.csusb.edu/dick/cs375/MultipleHierarchies.png]
[cse.csusb.edu/dick/cs375/State.not.cpp]
[cse.csusb.edu/dick/cs375/test.State.not.cpp]
[cse.csusb.edu/dick/cs375/State.table.cpp]
[cse.csusb.edu/dick/cs375/test.State.table.cpp]
[cse.csusb.edu/dick/cs375/18.html]
[cse.csusb.edu/dick/cs375/17r.html]
[cse.csusb.edu/dick/cs375/17r.txt]
[cse.csusb.edu/dick/cs375/15x.txt]
[cse.csusb.edu/dick/cs375/15x.html]
[cse.csusb.edu/dick/cs375/15q.txt]
[cse.csusb.edu/dick/cs375/cake2.png]
[cse.csusb.edu/dick/cs375/cake2fragile.png]
[cse.csusb.edu/dick/cs375/cake2agile.png]
[cse.csusb.edu/dick/cs375/15q.html]
[cse.csusb.edu/dick/cs375/15r.txt]
[cse.csusb.edu/dick/cs375/15r.html]
[cse.csusb.edu/dick/cs375/15answer.txt]
[cse.csusb.edu/dick/cs375/15answer.html]
[cse.csusb.edu/dick/cs375/16x.txt]
[cse.csusb.edu/dick/cs375/16x.html]
[cse.csusb.edu/dick/cs375/16q.txt]
[cse.csusb.edu/dick/cs375/DiceGame.cpp]
[cse.csusb.edu/dick/cs375/Die.cpp]
[cse.csusb.edu/dick/cs375/testDiceGame.cpp]
[cse.csusb.edu/dick/cs375/testDie.cpp]
[cse.csusb.edu/dick/cs375/Die2.cpp]
[cse.csusb.edu/dick/cs375/testDie2.cpp]
[cse.csusb.edu/dick/cs375/tp.cpp]
[cse.csusb.edu/dick/cs375/16q.html]
[cse.csusb.edu/dick/cs375/16r.txt]
[cse.csusb.edu/dick/cs375/16r.html]
[cse.csusb.edu/dick/cs375/13x.txt]
[cse.csusb.edu/dick/cs375/12x.png]
[cse.csusb.edu/dick/cs375/13x.html]
[cse.csusb.edu/dick/cs375/12.txt]
[cse.csusb.edu/dick/cs375/artifactrelationships.gif]
[cse.csusb.edu/dick/cs375/testPlayMonopoly.cpp]
[cse.csusb.edu/dick/cs375/12.html]
[cse.csusb.edu/dick/cs375/13q.txt]
[cse.csusb.edu/dick/cs375/13q.html]
[cse.csusb.edu/dick/cs375/13r.txt]
[cse.csusb.edu/dick/cs375/13r.html]
[cse.csusb.edu/dick/cs375/14x.html]
[cse.csusb.edu/dick/cs375/14q.txt]
[cse.csusb.edu/dick/cs375/14q.html]
[cse.csusb.edu/dick/cs375/14r.txt]
[cse.csusb.edu/dick/cs375/14r.html]
[cse.csusb.edu/dick/cs375/09x.txt]
[cse.csusb.edu/dick/cs375/09SSD060208.jpg]
[cse.csusb.edu/dick/cs375/09x2.png]
[cse.csusb.edu/dick/cs375/09x.png]
[cse.csusb.edu/dick/cs375/09x.html]
[cse.csusb.edu/dick/cs375/w4.txt]
[cse.csusb.edu/dick/cs375/w4.html]
[cse.csusb.edu/dick/cs375/09q.txt]
[cse.csusb.edu/dick/cs375/09q.html]
[cse.csusb.edu/dick/cs375/09r.txt]
[cse.csusb.edu/dick/cs375/09r.html]
[cse.csusb.edu/dick/cs375/supplement.txt]
[cse.csusb.edu/dick/cs375/supplement.html]
[cse.csusb.edu/dick/cs375/05q.txt]
[cse.csusb.edu/dick/cs375/processroom.gif]
[cse.csusb.edu/dick/cs375/05q.html]
[cse.csusb.edu/dick/cs375/05r.txt]
[cse.csusb.edu/dick/cs375/05r.html]
[cse.csusb.edu/dick/cs375/example2010.txt]
[cse.csusb.edu/dick/cs375/example2010domain.png]
[cse.csusb.edu/dick/cs375/example2010.html]
[cse.csusb.edu/dick/cs375/05x.txt]
[cse.csusb.edu/dick/cs375/05x.html]
[cse.csusb.edu/dick/cs375/w2.txt]
[cse.csusb.edu/dick/cs375/w2.html]
[cse.csusb.edu/dick/cs375/06.txt]
[cse.csusb.edu/dick/cs375/06.html]
[cse.csusb.edu/dick/cs375/06r.txt]
[cse.csusb.edu/dick/cs375/06domain.gif]
[cse.csusb.edu/dick/cs375/06r.html]
[cse.csusb.edu/dick/cs375/objectives.txt]
[cse.csusb.edu/dick/cs375/old.objectives.t]
[cse.csusb.edu/dick/cs375/objectives.html]
[cse.csusb.edu/dick/cs375/projects.txt]
[cse.csusb.edu/dick/cs375/projects.html]
[cse.csusb.edu/dick/cs375/01.txt]
[cse.csusb.edu/dick/cs375/01.html]
[cse.csusb.edu/dick/cs375/02.txt]
[cse.csusb.edu/dick/cs375/Die.java]
[cse.csusb.edu/dick/cs375/DiceGame.java]
[www.ajboggs.com/images/rup_discipline.jpg]
[www.cse.lehigh.edu/_glennb/oose/spiral.gif]
[cse.csusb.edu/dick/cs375/02.html]
[cse.csusb.edu/dick/cs375/02r.txt]
[cse.csusb.edu/dick/cs375/02r.html]
[cse.csusb.edu/dick/cs375/w0.txt]
[cse.csusb.edu/dick/cs375/w0.html]
[cse.csusb.edu/dick/cs375/03.txt]
[cse.csusb.edu/dick/cs375/03.html]
[cse.csusb.edu/dick/cs375/03r.txt]
[cse.csusb.edu/dick/cs375/03r.html]
[cse.csusb.edu/dick/cs375/04.txt]
[cse.csusb.edu/dick/cs375/Brief50.jpg]
[cse.csusb.edu/dick/cs375/Casual50.jpg]
[cse.csusb.edu/dick/cs375/FullyDressed50.jpg]
[cse.csusb.edu/dick/cs375/04.html]
[cse.csusb.edu/dick/cs375/04r.txt]
[cse.csusb.edu/dick/cs375/04r.html]
[cse.csusb.edu/dick/cs375/07.txt]
[cse.csusb.edu/dick/cs375/colored.uml.gif]
[cse.csusb.edu/dick/cs375/FISDom1.gif]
[cse.csusb.edu/dick/cs375/07x1.png]
[cse.csusb.edu/dick/cs375/07x1ans.gif]
[cse.csusb.edu/dick/cs375/07.html]
[cse.csusb.edu/dick/cs375/07r.txt]
[cse.csusb.edu/dick/cs375/07domain.gif]
[cse.csusb.edu/dick/cs375/07diagram.gif]
[cse.csusb.edu/dick/cs375/07r.html]
[cse.csusb.edu/dick/cs375/08.txt]
[cse.csusb.edu/dick/cs375/08SSD.gif]
[cse.csusb.edu/dick/cs375/08SSD2.gif]
[cse.csusb.edu/dick/cs375/08SSD3.gif]
[cse.csusb.edu/dick/cs375/08SSD4.png]
[cse.csusb.edu/dick/cs375/08.html]
[cse.csusb.edu/dick/cs375/08r.txt]
[cse.csusb.edu/dick/cs375/08r.html]
[cse.csusb.edu/dick/cs375/08diagram.gif]
[cse.csusb.edu/dick/cs375/w3.txt]
[cse.csusb.edu/dick/cs375/w3.html]
[cse.csusb.edu/dick/cs375/10.txt]
[cse.csusb.edu/dick/cs375/Minicalc.png]
[cse.csusb.edu/dick/cs375/Minicalc.cpp]
[cse.csusb.edu/dick/cs375/UC2Code.png]
[cse.csusb.edu/dick/cs375/10CodingMessage.png]
[cse.csusb.edu/dick/cs375/10ExGetUnfilled.cpp]
[cse.csusb.edu/dick/cs375/10.html]
[cse.csusb.edu/dick/cs375/10r.txt]
[cse.csusb.edu/dick/cs375/communication.png]
[cse.csusb.edu/dick/cs375/10diagram.gif]
[cse.csusb.edu/dick/cs375/10rDie.gif]
[cse.csusb.edu/dick/cs375/10r.html]
[cse.csusb.edu/dick/cs375/11.txt]
[cse.csusb.edu/dick/cs375/11gen.gif]
[cse.csusb.edu/dick/cs375/11port.gif]
[cse.csusb.edu/dick/cs375/11fig16p16.png]
[cse.csusb.edu/dick/cs375/11qSalesOrder.gif]
[cse.csusb.edu/dick/cs375/11getStatusses.gif]
[cse.csusb.edu/dick/cs375/11StatussesDCD.gif]
[cse.csusb.edu/dick/cs375/arrows.gif]
[cse.csusb.edu/dick/cs375/11.html]
[cse.csusb.edu/dick/cs375/11r.txt]
[cse.csusb.edu/dick/cs375/11diagram.png]
[cse.csusb.edu/dick/cs375/11r.html]
[cse.csusb.edu/dick/cs375/12r.txt]
[cse.csusb.edu/dick/cs375/12r.html]
[cse.csusb.edu/dick/cs375/18r.txt]
[cse.csusb.edu/dick/cs375/18r.html]
[cse.csusb.edu/dick/cs375/19.txt]
[cse.csusb.edu/dick/cs375/19.html]
[cse.csusb.edu/dick/cs375/19r.txt]
[cse.csusb.edu/dick/cs375/19r.html]
[cse.csusb.edu/dick/cs375/20.txt]
[cse.csusb.edu/dick/cs375/20.html]
[cse.csusb.edu/dick/cs375/20r.txt]
[cse.csusb.edu/dick/cs375/20r.html]
[cse.csusb.edu/dick/cs375/w9.txt]
[cse.csusb.edu/dick/cs375/w9.html]
[cse.csusb.edu/dick/cs375/uml.logo.html]
[www.csci.csusb.edu/dick/cs202/uml.find.html]
[www.csci.csusb.edu/dick/cs202/uml.coll0.html]
[www.csci.csusb.edu/dick/cs202/uml3.html]
[www.csci.csusb.edu/dick/cs202/clock1.html]
[www.csci.csusb.edu/dick/cs202/clock2.html]
[www.csci.csusb.edu/dick/cs202/uml4.html]
[www.csci.csusb.edu/dick/cs202/uml.gen.html]
[www.csci.csusb.edu/dick/cs202/uml.dynamic.html]
[www.csci.csusb.edu/dick/cs202/uml.html]
[cse.csusb.edu/dick/cs375/text.html]
[cse.csusb.edu/dick/cs375/hole.html]
[cse.csusb.edu/dick/cs375/StatePatternExample_files/frameset.js]
[cse.csusb.edu/dick/cs375/StatePatternExample.html]
[cse.csusb.edu/dick/cs375/cs320/lab/09.html]
[cse.csusb.edu/dick/cs375/18q.txt]
[cse.csusb.edu/dick/cs375/18q.html]
[cse.csusb.edu/dick/cs375/18x.txt]
[cse.csusb.edu/dick/cs375/18x.html]
[cse.csusb.edu/dick/cs375/12q.txt]
[cse.csusb.edu/dick/cs375/SalesItem.java]
[cse.csusb.edu/dick/cs375/SalesOrder.java]
[cse.csusb.edu/dick/cs375/Stock.java]
[cse.csusb.edu/dick/cs375/testName.cpp]
[cse.csusb.edu/dick/cs375/class.cpp]
[cse.csusb.edu/dick/cs375/function.cpp]
[cse.csusb.edu/dick/cs375/attribute.cpp]
[cse.csusb.edu/dick/cs375/12q.html]
[cse.csusb.edu/dick/cs375/12x.txt]
[cse.csusb.edu/dick/cs375/12x.html]
[cse.csusb.edu/dick/cs375/tp1.cpp]
[cse.csusb.edu/dick/cs375/06x.txt]
[cse.csusb.edu/dick/cs375/06xans.png]
[cse.csusb.edu/dick/cs375/06x.html]
[cse.csusb.edu/dick/cs375/DiceGame.txt]
[cse.csusb.edu/dick/cs375/DiceGame3.cpp.errors]
[cse.csusb.edu/dick/cs375/DiceGame.cpp.errors]
[cse.csusb.edu/dick/cs375/testDiceGame2html.html]
[cse.csusb.edu/dick/cs375/10rDie.tiff]
[cse.csusb.edu/dick/cs375/Die.cpp.errors]
[cse.csusb.edu/dick/cs375/DiceGame.html]
[cse.csusb.edu/dick/cs375/LoadedDie.cpp.errors]
[cse.csusb.edu/dick/cs375/06q.txt]
[cse.csusb.edu/dick/cs375/06q.html]
[cse.csusb.edu/dick/cs375/FIS1.txt]
[cse.csusb.edu/dick/cs375/FIS1.html]
[cse.csusb.edu/dick/cs375/q0.txt]
[cse.csusb.edu/dick/cs375/q0.html]
[en.wikipedia.org/wiki/File_RUP_Workflows2.html]
[cse.csusb.edu/dick/cs375/02q.txt]
[cse.csusb.edu/dick/cs375/02q.html]
[cse.csusb.edu/dick/cs375/02x.txt]
[cse.csusb.edu/dick/cs375/02x.html]
[cse.csusb.edu/dick/cs375/cs372.html]
[cse.csusb.edu/dick/cs375/03q.txt]
[cse.csusb.edu/dick/cs375/03q.html]
[cse.csusb.edu/dick/cs375/03x.txt]
[cse.csusb.edu/dick/cs375/03x.html]
[cse.csusb.edu/dick/cs375/usecases.txt]
[cse.csusb.edu/dick/cs375/usecases.html]
[cse.csusb.edu/dick/cs375/fullydressed.txt]
[cse.csusb.edu/dick/cs375/fullydressed.html]
[cse.csusb.edu/dick/cs375/04q.txt]
[cse.csusb.edu/dick/cs375/04q.html]
[cse.csusb.edu/dick/cs375/04x.txt]
[cse.csusb.edu/dick/cs375/04x.html]
[cse.csusb.edu/dick/cs375/07q.txt]
[cse.csusb.edu/dick/cs375/07x.gif]
[cse.csusb.edu/dick/cs375/07boolean.gif]
[cse.csusb.edu/dick/cs375/07q.html]
[cse.csusb.edu/dick/cs375/07x.txt]
[cse.csusb.edu/dick/cs375/07x.html]
[cse.csusb.edu/dick/cs375/08q.txt]
[cse.csusb.edu/dick/cs375/08qSSD.png]
[cse.csusb.edu/dick/cs375/08qaSSD.png]
[cse.csusb.edu/dick/cs375/08q.html]
[cse.csusb.edu/dick/cs375/08x.txt]
[cse.csusb.edu/dick/cs375/08getUnfilled.gif]
[cse.csusb.edu/dick/cs375/08x.html]
[cse.csusb.edu/dick/cs375/Minicalc.Cards.txt]
[cse.csusb.edu/dick/cs375/Minicalc.Cards.html]
[cse.csusb.edu/dick/cs375/10ExGetUnfilledInteract_files/frameset.js]
[cse.csusb.edu/dick/cs375/10ExGetUnfilledInteract.html]
[cse.csusb.edu/dick/cs375/10x.txt]
[cse.csusb.edu/dick/cs375/10xDiceCommunication.png]
[cse.csusb.edu/dick/cs375/10ExAf.png]
[cse.csusb.edu/dick/cs375/10ExAfBk.png]
[cse.csusb.edu/dick/cs375/10x.html]
[cse.csusb.edu/dick/cs375/10q.txt]
[csci.csusb.edu/dick/papers/20050502communication.gif]
[csci.csusb.edu/dick/papers/20050502sequence.gif]
[cse.csusb.edu/dick/cs375/10AltCommunication.gif]
[csci.csusb.edu/dick/papers/20050502sequence2.gif]
[cse.csusb.edu/dick/cs375/10q.html]
[cse.csusb.edu/dick/cs375/11x.txt]
[cse.csusb.edu/dick/cs375/11XY.png]
[cse.csusb.edu/dick/cs375/11Exs.png]
[cse.csusb.edu/dick/cs375/11x.html]
[cse.csusb.edu/dick/cs375/11q.txt]
[cse.csusb.edu/dick/cs375/11q.html]
[cse.csusb.edu/dick/cs375/19q.txt]
[cse.csusb.edu/dick/cs375/menu.png]
[cse.csusb.edu/dick/cs375/19q.html]
[cse.csusb.edu/dick/cs375/19x.html]
[cse.csusb.edu/dick/cs375/architecture.txt]
[cse.csusb.edu/dick/cs375/architecture.html]
[cse.csusb.edu/dick/cs375/final.objectives.txt]
[www.csci.csusb.edu/dick/cs375/arrows.gif]
[cse.csusb.edu/dick/cs375/final.objectives.html]
[cse.csusb.edu/dick/cs375/20q.txt]
[cse.csusb.edu/dick/cs375/message.gif]
[cse.csusb.edu/dick/cs375/returnedData.gif]
[cse.csusb.edu/dick/cs375/helper.png]
[csci.csusb.edu/dick/cs372/17multitier.gif]
[cse.csusb.edu/dick/cs375/20q.html]
[cse.csusb.edu/dick/cs375/20x.html]
[www.csci.csusb.edu/dick/cs202/uml.period.gif]
[www.csci.csusb.edu/dick/cs202/uml.interface.gif]
[www.csci.csusb.edu/dick/cs202/uml.states.gif]
[cse.csusb.edu/dick/cs375/ERD7.gif]
[cse.csusb.edu/dick/cs375/ERD11.gif]
[cse.csusb.edu/dick/cs375/CreatorPattern.gif]
[cse.csusb.edu/dick/cs375/PureFabrication.png]
[cse.csusb.edu/dick/cs375/vml_1.html]
[cse.csusb.edu/dick/cs375/gif_1.html]
[cse.csusb.edu/dick/cs375/StatePatternExample_files/toolbar.html]
[cse.csusb.edu/dick/cs375/StatePatternExample_files/gif_1.js]
[cse.csusb.edu/dick/cs375/StatePatternExample_files/arrow.gif]
[cse.csusb.edu/dick/cs375/StatePatternExample_files/gif_1.gif]
[cse.csusb.edu/dick/cs375/StatePatternExample_files/gif_1.html]
[cse.csusb.edu/dick/cs375/ID2ObjectPattern.gif]
[cse.csusb.edu/dick/cs375/icons.gif]
[cse.csusb.edu/dick/cs375/17x.txt]
[cse.csusb.edu/dick/cs375/16r.txt]
[cse.csusb.edu/dick/cs375/13x.txt]
[cse.csusb.edu/dick/cs375/12.txt]
[cse.csusb.edu/dick/cs375/cs372/index.html]
[cse.csusb.edu/dick/cs375/04xans.txt]
[cse.csusb.edu/dick/cs375/04xans.html]
[cse.csusb.edu/dick/cs375/10ExGetUnfilledInteract_files/toolbar.html]
[cse.csusb.edu/dick/cs375/10ExGetUnfilledInteract_files/gif_1.js]
[cse.csusb.edu/dick/cs375/10ExGetUnfilledInteract_files/arrow.gif]
[cse.csusb.edu/dick/cs375/10ExGetUnfilledInteract_files/gif_1.gif]
[cse.csusb.edu/dick/cs375/10ExGetUnfilledInteract_files/gif_1.html]
[cse.csusb.edu/dick/cs375/StatePatternExample_files/keys.js]
[cse.csusb.edu/dick/cs375/StatePatternExample_files/find.js]
[cse.csusb.edu/dick/cs375/StatePatternExample_files/minimize.gif]
[cse.csusb.edu/dick/cs375/StatePatternExample_files/maximize.gif]
[cse.csusb.edu/dick/cs375/StatePatternExample_files/toc.gif]
[cse.csusb.edu/dick/cs375/StatePatternExample_files/fullpage.gif]
[cse.csusb.edu/dick/cs375/StatePatternExample_files/panplus.gif]
[cse.csusb.edu/dick/cs375/StatePatternExample_files/tick-off.gif]
[cse.csusb.edu/dick/cs375/StatePatternExample_files/tick-on.gif]
[cse.csusb.edu/dick/cs375/StatePatternExample_files/panminus.gif]
[cse.csusb.edu/dick/cs375/StatePatternExample_files/tick-foc.gif]
[cse.csusb.edu/dick/cs375/StatePatternExample_files/toc2.gif]
[cse.csusb.edu/dick/cs375/StatePatternExample_files/widgets.html]
[cse.csusb.edu/dick/cs375/StatePatternExample_files/visio.css]
[cse.csusb.edu/dick/cs375/02x.txt]
[cse.csusb.edu/dick/cs375/03q.txt]
[cse.csusb.edu/dick/cs375/03x.txt]
[cse.csusb.edu/dick/cs375/04x.txt]
[cse.csusb.edu/dick/cs375/10ExGetUnfilledInteract_files/keys.js]
[cse.csusb.edu/dick/cs375/10ExGetUnfilledInteract_files/find.js]
[cse.csusb.edu/dick/cs375/10ExGetUnfilledInteract_files/minimize.gif]
[cse.csusb.edu/dick/cs375/10ExGetUnfilledInteract_files/maximize.gif]
[cse.csusb.edu/dick/cs375/10ExGetUnfilledInteract_files/toc.gif]
[cse.csusb.edu/dick/cs375/10ExGetUnfilledInteract_files/fullpage.gif]
[cse.csusb.edu/dick/cs375/10ExGetUnfilledInteract_files/panplus.gif]
[cse.csusb.edu/dick/cs375/10ExGetUnfilledInteract_files/tick-off.gif]
[cse.csusb.edu/dick/cs375/10ExGetUnfilledInteract_files/tick-on.gif]
[cse.csusb.edu/dick/cs375/10ExGetUnfilledInteract_files/panminus.gif]
[cse.csusb.edu/dick/cs375/10ExGetUnfilledInteract_files/tick-foc.gif]
[cse.csusb.edu/dick/cs375/10ExGetUnfilledInteract_files/go.gif]
[cse.csusb.edu/dick/cs375/10ExGetUnfilledInteract_files/plus.gif]
[cse.csusb.edu/dick/cs375/10ExGetUnfilledInteract_files/minus.gif]
[cse.csusb.edu/dick/cs375/10ExGetUnfilledInteract_files/toc2.gif]
[cse.csusb.edu/dick/cs375/10ExGetUnfilledInteract_files/widgets.html]
[cse.csusb.edu/dick/cs375/10ExGetUnfilledInteract_files/visio.css]
[cse.csusb.edu/dick/cs375/StatePatternExample_files/Pan and Zoom window.html]
[cse.csusb.edu/dick/cs375/StatePatternExample_files/zoom.html]
[cse.csusb.edu/dick/cs375/StatePatternExample_files/gif_1.js]
[cse.csusb.edu/dick/cs375/04xans.txt]
[cse.csusb.edu/dick/cs375/10ExGetUnfilledInteract_files/Pan and Zoom window.html]
[cse.csusb.edu/dick/cs375/10ExGetUnfilledInteract_files/zoom.html]
[cse.csusb.edu/dick/cs375/StatePatternExample_files/keys.js]
[cse.csusb.edu/dick/cs375/StatePatternExample_files/panminus.gif]
[cse.csusb.edu/dick/cs375/10ExGetUnfilledInteract_files/keys.js]
[cse.csusb.edu/dick/cs375/10ExGetUnfilledInteract_files/maximize.gif]
[cse.csusb.edu/dick/cs375/10ExGetUnfilledInteract_files/panminus.gif]
