[backblue.gif]
[fade.gif]
[index.html]
[cse.csusb.edu/kay/cs330/roster330post.pdf]
[cse.csusb.edu/kay/cs330/hash_simple.cpp]
[cse.csusb.edu/kay/cs330/hash1.cpp]
[cse.csusb.edu/kay/cs330/mergeSort1.cpp]
[cse.csusb.edu/kay/cs330/mergeSort2.cpp]
[cse.csusb.edu/kay/cs330/mergeSort3.cpp]
[cse.csusb.edu/kay/cs330/binarySearchSeq.cpp]
[cse.csusb.edu/kay/cs330/binarySearchRec.cpp]
[cse.csusb.edu/kay/cs330/war.post]
[cse.csusb.edu/kay/cs330/war1.post]
[cse.csusb.edu/kay/cs330/war2.post]
[cse.csusb.edu/kay/cs330/war.gif]
[cse.csusb.edu/kay/cs330/mod.cpp]
[cse.csusb.edu/kay/cs330/variance1.cpp]
[cse.csusb.edu/kay/cs330/variance3.cpp]
[cse.csusb.edu/kay/cs330/syllabus330.pdf]
[cse.csusb.edu/kay/cs330/index.html]
[cse.csusb.edu/icons/blank.gif]
[cse.csusb.edu/icons/back.gif]
[cse.csusb.edu/icons/text.gif]
[cse.csusb.edu/kay/cs330/war/Card.cpp]
[cse.csusb.edu/kay/cs330/war/Card.h]
[cse.csusb.edu/kay/cs330/war/Deck.cpp]
[cse.csusb.edu/kay/cs330/war/Deck.h]
[cse.csusb.edu/kay/cs330/war/HumanPlayer.cpp]
[cse.csusb.edu/kay/cs330/war/HumanPlayer.h]
[cse.csusb.edu/kay/cs330/war/Player.cpp]
[cse.csusb.edu/kay/cs330/war/Player.h]
[cse.csusb.edu/kay/cs330/war/Random.cpp]
[cse.csusb.edu/kay/cs330/war/Random.h]
[cse.csusb.edu/kay/cs330/war/war3.cpp]
[cse.csusb.edu/icons/unknown.gif]
[cse.csusb.edu/kay/cs330/war/war3.make]
[cse.csusb.edu/kay/cs330/war/index.html]
[cse.csusb.edu/kay/cs330/format.html]
[cse.csusb.edu/kay/cs330/lab1.html]
[cse.csusb.edu/kay/cs330/lab2.html]
[cse.csusb.edu/kay/cs330/lab3.html]
[cse.csusb.edu/kay/cs330/capsize.cpp]
[cse.csusb.edu/kay/cs330/lab4.html]
[cse.csusb.edu/kay/cs330/lab5.html]
[cse.csusb.edu/kay/cs330/lab6.html]
[cse.csusb.edu/kay/cs330/lab7.html]
[cse.csusb.edu/kay/cs330/lab8.html]
[cse.csusb.edu/kay/cs330/lab9.html]
[cse.csusb.edu/kay/cs330/lab10.html]
[cse.csusb.edu/kay/cs330/war/indexc052.html]
[cse.csusb.edu/kay/cs330/war/indexf8a0.html]
[cse.csusb.edu/kay/cs330/war/indexbfec.html]
[cse.csusb.edu/kay/cs330/war/index30b5.html]
[cse.csusb.edu/kay/cs330/complexity.html]
[cse.csusb.edu/icons/blank.gif]
[cse.csusb.edu/kay/cs330/war/indexb70a.html]
[cse.csusb.edu/kay/cs330/war/index72c9.html]
[cse.csusb.edu/kay/cs330/war/index5851.html]
[cse.csusb.edu/kay/cs330/war/indexad3f.html]
[cse.csusb.edu/icons/text.gif]
[cse.csusb.edu/kay/cs330/war/Deck.h]
[cse.csusb.edu/kay/cs330/war/Player.h]
[cse.csusb.edu/icons/unknown.gif]
[cse.csusb.edu/kay/cs330/capsize.cpp]
